[
  {
    "Name": "A1",
    "Value": "50"
  },
  {
    "Name": "B1",
    "Value": "100"
  },
  {
    "Name": "C1",
    "Value": "2"
  },
  {
    "Name": "D1",
    "Value": "1 d"
  }
]
